698
Too many maximal sets of friends.
66
2
397
Too many maximal sets of friends.
489
4
Too many maximal sets of friends.
136
107
61
6
277
Too many maximal sets of friends.
81
Too many maximal sets of friends.
Too many maximal sets of friends.
Too many maximal sets of friends.
Too many maximal sets of friends.
180
32
6
241
Too many maximal sets of friends.
Too many maximal sets of friends.
512
Too many maximal sets of friends.
487
281
31
Too many maximal sets of friends.
Too many maximal sets of friends.
164
Too many maximal sets of friends.
36
374
547
Too many maximal sets of friends.
Too many maximal sets of friends.
26
Too many maximal sets of friends.
2
Too many maximal sets of friends.
301
307
Too many maximal sets of friends.
Too many maximal sets of friends.
94
842
